I'm sorry, but errors were detected in your script. Please correct the
errors listed below, and try again.


File "game/script.rpy", line 480: play requires a channel
    play "audio/musics/CatJazz 3.mp3"
         ^

Ren'Py Version: Ren'Py 8.0.3.22090809
Thu Dec  8 14:31:38 2022
